../Core/Src/main.c:85:6:read_potentiometers_values	8	static
../Core/Src/main.c:106:5:_write	24	static
../Core/Src/main.c:112:6:set_PID_range	96	static
../Core/Src/main.c:133:5:main	216	static
../Core/Src/main.c:246:6:SystemClock_Config	88	static
../Core/Src/main.c:294:13:MX_ADC1_Init	24	static
../Core/Src/main.c:364:13:MX_I2C1_Init	8	static
../Core/Src/main.c:398:13:MX_TIM2_Init	48	static
../Core/Src/main.c:447:13:MX_USART2_UART_Init	8	static
../Core/Src/main.c:478:13:MX_DMA_Init	16	static
../Core/Src/main.c:496:13:MX_GPIO_Init	48	static
../Core/Src/main.c:543:6:Error_Handler	4	static,ignoring_inline_asm
